5
7
{-13,1,9,33,42}
2
3
{-55,0}
NON INCLUSION
--------------------
5
7
{-13,1,9,33,42}
5
5
{-13,1,9,33,42}
INCLUSION LARGE
--------------------
3
4
{-19,0,37}
6
6
{-19,0,5,10,15,37}
INCLUSION STRICTE
--------------------
