
1
3
{-22}

--------------------
5
5
{-2,0,1,3,5}

--------------------
3
7
{-9,7,8}

--------------------
0
0
{}

--------------------

