5
7
{-28,-17,2,4,9}

5
0
7
{}

--------------------
5
8
{-111,-69,-66,-54,517}

3
4
{54,69,222}

0
5
8
{-111,-69,-66,-54,517}

--------------------
2
5
{1,2}

6
6
{-22,-11,-2,0,1,2}

2
0
5
{}

--------------------
0
17
{}

4
7
{-3,-2,-1,0}

0
0
17
{}

--------------------
6
7
{0,2,4,6,8,10}

0
13
{}

0
6
7
{0,2,4,6,8,10}

--------------------

