4
6
{-97,11,55,97}

false
PLEIN
4
4
{-97,11,55,97}

--------------------
3
5
{-97,55,97}

true
PLEIN
2
2
{-97,55}

--------------------
1
4
{2}

true
PLEIN
0
0
{}

--------------------
0
11
{}

false
PLEIN
0
0
{}

--------------------

