5
9
{-4,-2,0,2,77}
0
PLEIN
5
5
{-4,-2,0,2,77}
--------------------
0
11
{}
3
6
{1,2,3}
0
PLEIN
0
0
{}
--------------------
9
10
{-1000,-71,-52,-44,33,41,83,89,987}
0
13
{}
9
PLEIN
0
0
{}
--------------------
6
9
{-5,-3,-1,2,4,6}
11
11
{-33,-22,2,5,6,44,55,66,77,88,99}
4
PLEIN
2
2
{2,6}
--------------------
5
8
{-34,-12,23,45,66}
6
7
{-88,-66,-22,55,77,88}
5
PLEIN
0
0
{}
--------------------
