1
1
{-22}

0
5
{}

false
--------------------
2
2
{-22,4}

2
4
{-22,4}

true
--------------------
4
7
{-22,0,4,99}

4
4
{-22,0,4,77}

false
--------------------

