4
6
{-22,-14,3,6}

0
6
4
6
{-22,-14,3,6}

--------------------
1
2
{1}

2
4
1
4
{1}

AJOUTE
AJOUTE
AJOUTE
PLEIN
4
4
{1,2,3,4}

--------------------
3
7
{-3,1,5}

-3
4
3
4
{-3,1,5}

AJOUTE
PLEIN
4
4
{-3,1,5,88}

--------------------
5
7
{-77,-44,-12,9,12}

-5
5
5
5
{-77,-44,-12,9,12}

PLEIN
5
5
{-77,-44,-12,9,12}

--------------------

