4
6
{-19,4,5,15}

-19
DEJA PRESENT
4
6
{-19,4,5,15}
--------------------
4
4
{-15,-1,3,15}

-15
DEJA PRESENT
4
4
{-15,-1,3,15}

--------------------
5
5
{-7,-1,0,7,13}

99
PLEIN
5
5
{-7,-1,0,7,13}

--------------------
3
5
{-3,-1,3}

1
AJOUTE
4
5
{-3,-1,1,3}

--------------------

