2
4
{-1,3}
4
5
{-8,3,7,9}
-3
PLEIN
5
5
{-8,-1,3,7,9}
--------------------
2
8
{-7,0}
5
8
{-55,-44,-7,33,77}
4
6
8
{-55,-44,-7,0,33,77}
AJOUTE
7
8
{-55,-44,-7,0,13,33,77}
--------------------
2
4
{0,1}
3
7
{0,3,4}
2
PLEIN
4
4
{0,1,3,4}
--------------------
7
10
{-53,-14,-9,0,46,55,78}
4
5
{-53,-9,46,78}
0
7
10
{-53,-14,-9,0,46,55,78}
--------------------
4
8
{-6,-4,-2,0}
0
4
8
{-6,-4,-2,0}
--------------------
